/Users/nkngeno/Documents/dev/spring-aws-proj/spring-boot-3-spring-mvc-crud/src/main/java/com/luv2code/springboot/thymeleafdemo/controller/DemoController.java
/Users/nkngeno/Documents/dev/spring-aws-proj/spring-boot-3-spring-mvc-crud/src/main/java/com/luv2code/springboot/thymeleafdemo/entity/Employee.java
/Users/nkngeno/Documents/dev/spring-aws-proj/spring-boot-3-spring-mvc-crud/src/main/java/com/luv2code/springboot/thymeleafdemo/controller/EmployeeController.java
/Users/nkngeno/Documents/dev/spring-aws-proj/spring-boot-3-spring-mvc-crud/src/main/java/com/luv2code/springboot/thymeleafdemo/service/EmployeeService.java
/Users/nkngeno/Documents/dev/spring-aws-proj/spring-boot-3-spring-mvc-crud/src/main/java/com/luv2code/springboot/thymeleafdemo/service/EmployeeServiceImpl.java
/Users/nkngeno/Documents/dev/spring-aws-proj/spring-boot-3-spring-mvc-crud/src/main/java/com/luv2code/springboot/thymeleafdemo/ThymeleafdemoApplication.java
/Users/nkngeno/Documents/dev/spring-aws-proj/spring-boot-3-spring-mvc-crud/src/main/java/com/luv2code/springboot/thymeleafdemo/dao/EmployeeRepository.java
